main.c:59:6:HAL_TIM_PeriodElapsedCallback	16	static
main.c:62:6:display7SEG	16	static
main.c:161:6:update7SEG	16	static
main.c:200:6:updateClockBuffer	4	static
main.c:207:6:clearLedMatrix	8	static
main.c:232:6:displayRow	16	static
main.c:243:6:displayCol	16	static
main.c:254:6:updateLedMatrix	16	static
main.c:266:5:main	16	static
main.c:346:6:SystemClock_Config	72	static
main.c:382:13:MX_TIM2_Init	32	static
main.c:427:13:MX_GPIO_Init	32	static
main.c:483:6:Error_Handler	4	static,ignoring_inline_asm
