main.c:59:6:HAL_TIM_PeriodElapsedCallback	16	static
main.c:62:6:display7SEG	16	static
main.c:161:6:update7SEG	16	static
main.c:184:6:updateClockBuffer	4	static
main.c:191:6:clearLedMatrix	8	static
main.c:216:6:displayRow	16	static
main.c:227:6:displayCol	16	static
main.c:238:6:updateLedMatrix	16	static
main.c:250:5:main	16	static
main.c:302:6:SystemClock_Config	72	static
main.c:338:13:MX_TIM2_Init	32	static
main.c:383:13:MX_GPIO_Init	32	static
main.c:439:6:Error_Handler	4	static,ignoring_inline_asm
